No config path provided, using default 'drizzle.config.ts'
Reading config file '/home/danny/DannyWorkspace/fullstack_projects/EcomTutoFullstack/backend_api/drizzle.config.ts'
Using 'pg' driver for database querying
[⣷] applying migrations...DrizzleQueryError: Failed query: CREATE TABLE "products" (
        "id" integer PRIMARY KEY GENERATED ALWAYS AS IDENTITY (sequence name "products_id_seq" INCREMENT BY 1 MINVALUE 1 MAXVALUE 2147483647 START WITH 1 CACHE 1),
        "name" varchar(255) NOT NULL,
        "description" text,
        "image" varchar(255),
        "price" double precision NOT NULL,
        "promoPrice" double precision
);

params: 
    at NodePgPreparedQuery.queryWithCache (/home/danny/DannyWorkspace/fullstack_projects/EcomTutoFullstack/backend_api/node_modules/src/pg-core/session.ts:73:11)
    at process.processTicksAndRejections (node:internal/process/task_queues:95:5)
    at async <anonymous> (/home/danny/DannyWorkspace/fullstack_projects/EcomTutoFullstack/backend_api/node_modules/src/pg-core/dialect.ts:102:7)
    ... 2 lines matching cause stack trace ...
    at async migrate (/home/danny/DannyWorkspace/fullstack_projects/EcomTutoFullstack/backend_api/node_modules/src/node-postgres/migrator.ts:10:2) {
  query: 'CREATE TABLE "products" (\n' +
    '\t"id" integer PRIMARY KEY GENERATED ALWAYS AS IDENTITY (sequence name "products_id_seq" INCREMENT BY 1 MINVALUE 1 MAXVALUE 2147483647 START WITH 1 CACHE 1),\n' +
    '\t"name" varchar(255) NOT NULL,\n' +
    '\t"description" text,\n' +
    '\t"image" varchar(255),\n' +
    '\t"price" double precision NOT NULL,\n' +
    '\t"promoPrice" double precision\n' +
    ');\n',
  params: [],
  cause: error: la relation « products_id_seq » existe déjà
      at /home/danny/DannyWorkspace/fullstack_projects/EcomTutoFullstack/backend_api/node_modules/pg/lib/client.js:545:17
      at process.processTicksAndRejections (node:internal/process/task_queues:95:5)
      at async <anonymous> (/home/danny/DannyWorkspace/fullstack_projects/EcomTutoFullstack/backend_api/node_modules/src/node-postgres/session.ts:149:14)
      at async NodePgPreparedQuery.queryWithCache (/home/danny/DannyWorkspace/fullstack_projects/EcomTutoFullstack/backend_api/node_modules/src/pg-core/session.ts:71:12)
      at async <anonymous> (/home/danny/DannyWorkspace/fullstack_projects/EcomTutoFullstack/backend_api/node_modules/src/pg-core/dialect.ts:102:7)
      at async NodePgSession.transaction (/home/danny/DannyWorkspace/fullstack_projects/EcomTutoFullstack/backend_api/node_modules/src/node-postgres/session.ts:259:19)
      at async PgDialect.migrate (/home/danny/DannyWorkspace/fullstack_projects/EcomTutoFullstack/backend_api/node_modules/src/pg-core/dialect.ts:95:3)
      at async migrate (/home/danny/DannyWorkspace/fullstack_projects/EcomTutoFullstack/backend_api/node_modules/src/node-postgres/migrator.ts:10:2) {
    length: 116,
    severity: 'ERREUR',
    code: '42P07',
    detail: undefined,
    hint: undefined,
    position: undefined,
    internalPosition: undefined,
    internalQuery: undefined,
    where: undefined,
    schema: undefined,
    table: undefined,
    column: undefined,
    dataType: undefined,
    constraint: undefined,
    file: 'heap.c',
    line: '1177',
    routine: 'heap_create_with_catalog'
  }
}